[www.parsehub.com/index.html]
[backblue.gif]
[fade.gif]
[index.html]
[www.parsehub.com/static/images/phmini2.png]
[www.parsehub.com/static/js/main.js]
[www.google-analytics.com/analytics.js]
[www.parsehub.com/features.html]
[www.parsehub.com/quickstart.html]
[www.parsehub.com/pricing.html]
[www.parsehub.com/static/css/main.css]
[www.parsehub.com/login.html]
[www.parsehub.com/blog/index.html]
[www.parsehub.com/register.html]
[www.parsehub.com/static/images/parsehub_icon_one_v3.svg]
[www.parsehub.com/static/images/parsehub_icon_two_v2.svg]
[www.parsehub.com/static/images/parsehub_icon_three_v2.svg]
[www.parsehub.com/static/images/search-image-v1.png]
[www.parsehub.com/static/images/ph-app-image-v2.png]
[www.parsehub.com/docs/ref/api/v2/index.html]
[www.parsehub.com/static/images/excel-image-v1.png]
[www.parsehub.com/intro.html]
[www.parsehub.com/contact.html]
[www.parsehub.com/partners.html]
[calendly.com/assets/external/widget.css]
[calendly.com/assets/external/widget.js]
[www.parsehub.com/terms.html]
[www.parsehub.com/web-scraping-for-developers.html]
[www.parsehub.com/index.html]
[www.parsehub.com/web-scraping-for-data-science.html]
[www.parsehub.com/static/fonts/glyphicons-halflings-regular.eot]
[www.parsehub.com/static/fonts/glyphicons-halflings-regulard41d.eot]
[www.parsehub.com/static/fonts/glyphicons-halflings-regular.woff]
[www.parsehub.com/static/fonts/glyphicons-halflings-regular.ttf]
[www.parsehub.com/static/fonts/glyphicons-halflings-regular.svg]
[www.parsehub.com/static/fonts/fontawesome-webfont3295.eot]
[www.parsehub.com/static/fonts/fontawesome-webfontd41d.eot]
[www.parsehub.com/static/fonts/fontawesome-webfont3295.woff2]
[www.parsehub.com/static/fonts/fontawesome-webfont3295.woff]
[www.parsehub.com/static/fonts/fontawesome-webfont3295.ttf]
[www.parsehub.com/static/fonts/PT_Sans.ttf]
[www.parsehub.com/static/fonts/fontawesome-webfont3295.svg]
[www.parsehub.com/static/images/parsehub_logo3.svg]
[www.parsehub.com/static/images/parsehub_logo2.svg]
[www.parsehub.com/static/images/data.jpg]
[www.parsehub.com/static/css/main.css]
[www.parsehub.com/static/images/howitworks2.png]
[www.parsehub.com/static/images/analysts-consultants-v3.png]
[www.parsehub.com/static/images/text-comments-icon-v2.png]
[www.parsehub.com/static/images/laptop-with-data-v2.png]
[www.parsehub.com/static/images/desktop-and-mobile.png]
[www.parsehub.com/static/images/pie-and-bar-chart-icon-v2.png]
[www.parsehub.com/static/images/ecommerce-icon.png]
[www.parsehub.com/static/images/cursor-icon.png]
[www.parsehub.com/blog/leveraging-data-scraping-for-commercial-due-diligence/index.html]
[www.parsehub.com/static/images/gears-v2.png]
[www.parsehub.com/static/images/cloud-icon.png]
[www.parsehub.com/static/images/database-icon.png]
[www.parsehub.com/features.html]
[www.parsehub.com/blog/get-10-000-quality-sales-leads-in-15-minutes/index.html]
[www.parsehub.com/static/client/parsehub.dmg]
[www.parsehub.com/static/client/parsehub-setup.exe]
[www.parsehub.com/blog/compare-product-prices-on-amazon-with-web-scraping/index.html]
[www.parsehub.com/static/client/parsehub.tar.gz]
[www.parsehub.com/static/images/download_screenshot_one.png]
[www.parsehub.com/blog/use-tableau-to-visualize-data-scraped-by-parsehub/index.html]
[www.parsehub.com/static/images/download_screenshot_two.png]
[www.parsehub.com/static/images/download_screenshot_five.png]
[www.parsehub.com/static/images/download_screenshot_three.png]
[www.parsehub.com/static/images/download_screenshot_seven.png]
[www.parsehub.com/static/images/mac_security_warning.jpg]
[www.parsehub.com/static/images/download_screenshot_eight.png]
[www.parsehub.com/static/images/download_screenshot_four.png]
[www.parsehub.com/static/images/windstep1.png]
[www.parsehub.com/static/images/windstep3-1.png]
[www.parsehub.com/static/images/windstep3-2.png]
[www.parsehub.com/static/images/windstep4.png]
[www.parsehub.com/static/images/windstep5.png]
[www.parsehub.com/static/images/windstep6.png]
[www.parsehub.com/quickstart.html]
[checkout.stripe.com/checkout.js]
[www.parsehub.com/reset_request.html]
[www.parsehub.com/pricing.html]
[www.parsehub.com/blog/favicon.ico]
[www.parsehub.com/blog/assets/css/screen164c.css]
[www.parsehub.com/blog/assets/css/bootstrap.min164c.css]
[www.parsehub.com/blog/assets/css/custom164c.css]
[code.jquery.com/jquery-1.12.0.min.js]
[www.parsehub.com/blog/page/2/index.html]
[www.parsehub.com/blog/assets/js/jquery.fitvids164c.js]
[www.parsehub.com/blog/rss/index.html]
[www.parsehub.com/blog/assets/js/index164c.js]
[www.parsehub.com/blog/tag/how-to-guides/index.html]
[www.parsehub.com/blog/assets/js/bootstrap.min164c.js]
[www.parsehub.com/blog/index.html]
[www.parsehub.com/blog/tag/data-fun/index.html]
[www.parsehub.com/blog/tag/business-hacks/index.html]
[www.parsehub.com/login.html]
[www.parsehub.com/blog/tag/start-up-journey/index.html]
[www.parsehub.com/blog/tag/product-updates/index.html]
[www.parsehub.com/register.html]
[www.parsehub.com/blog/getting-started-in-cryptocurrency-investing/index.html]
[www.parsehub.com/blog/author/melvin-bayoneto/index.html]
[www.parsehub.com/static/images/parsehub_icon_one_v3.svg]
[www.parsehub.com/blog/the-conversation-about-legalization/index.html]
[www.parsehub.com/blog/tag/web-scraping/index.html]
[www.parsehub.com/static/images/parsehub_icon_two_v2.svg]
[www.parsehub.com/blog/tag/legalization/index.html]
[www.parsehub.com/blog/tag/legalization-in-canada/index.html]
[www.parsehub.com/static/images/parsehub_icon_three_v2.svg]
[www.parsehub.com/blog/using-parsehub-to-compare-sneaker-prices/index.html]
[www.parsehub.com/blog/tag/web-scraping-tool/index.html]
[www.parsehub.com/blog/tag/sneakers/index.html]
[www.parsehub.com/docs/ref/api/v2/stylesheets/screen.css]
[www.parsehub.com/blog/tag/jordan-brand/index.html]
[www.parsehub.com/docs/ref/api/v2/stylesheets/print.css]
[www.parsehub.com/blog/how-to-lose-your-self-esteem-in-5-easy-steps-the-story-of-a-woman-in-tech/index.html]
[www.parsehub.com/docs/ref/api/v2/javascripts/all.js]
[www.parsehub.com/blog/author/taamannae-taabassum/index.html]
[www.parsehub.com/docs/ref/api/v2/images/navbar.png]
[www.parsehub.com/blog/a-complete-guide-on-offering-web-scraping-services/index.html]
[www.parsehub.com/docs/ref/api/v2/images/parsehub_logo2_white.svg]
[www.parsehub.com/blog/author/stephanie-ogay-garcia/index.html]
[www.parsehub.com/loginec27.html]
[www.parsehub.com/docs/ref/api/v2/index.html]
[www.parsehub.com/blog/tag/freelancers/index.html]
[www.parsehub.com/blog/tag/web-scraping-services/index.html]
[www.parsehub.com/intro.html]
[www.parsehub.com/blog/cost-of-living-in-and-visiting-the-best-26-startup-cities/index.html]
[www.parsehub.com/blog/introducing-a-new-version-of-parsehub/index.html]
[www.parsehub.com/contact.html]
[www.parsehub.com/static/images/bar-chart.png]
[www.parsehub.com/static/images/connection.png]
[www.parsehub.com/static/images/solution.png]
[www.parsehub.com/static/images/parabolaio.png]
[www.parsehub.com/static/images/workato.png]
[www.parsehub.com/static/images/stamplay.png]
[www.parsehub.com/static/images/APIANT-logo.png]
[www.parsehub.com/static/images/blendr.png]
[www.parsehub.com/static/images/infolab.png]
[www.parsehub.com/partners.html]
[calendly.com/assets/external/widget.css]
[www.parsehub.com/privacypolicy.html]
[www.parsehub.com/terms.html]
[www.parsehub.com/static/images/window_parsehub.png]
[www.parsehub.com/static/images/window_api.png]
[www.parsehub.com/docs/ref/api/v2/index23ee.html]
[www.parsehub.com/static/images/window_app.png]
[www.parsehub.com/web-scraping-for-developers.html]
[www.parsehub.com/docs/ref/api/v2/index58e5.html]
[www.parsehub.com/docs/ref/api/v2/indexe1bf.html]
[www.parsehub.com/docs/ref/api/v2/index36c4.html]
[www.parsehub.com/static/images/datascience-banner-image.png]
[www.parsehub.com/docs/ref/api/v2/index34d1.html]
[www.parsehub.com/static/images/find-website-to-scrape-icon.png]
[www.parsehub.com/blog/mining-tweets-for-sentiment-analysis-part-1/index.html]
[www.parsehub.com/static/images/using-parsehub-commands.png]
[www.parsehub.com/blog/scrape-data-from-tables-convert-currencies-to-usd-automatically/index.html]
[www.parsehub.com/static/images/laptop-with-data.png]
[www.parsehub.com/static/images/research-icon.png]
[www.parsehub.com/static/images/analyse-icon.png]
[www.parsehub.com/static/images/visualize-icon.png]
[www.parsehub.com/static/images/one-comment-bubble-icon.png]
[www.parsehub.com/static/images/pagination-icon-v2.png]
[www.parsehub.com/static/images/search-icon.png]
[www.parsehub.com/static/images/select-text-icon.png]
[www.parsehub.com/static/images/viz_excel_icon.png]
[www.parsehub.com/static/images/excel-icon.png]
[www.parsehub.com/static/images/text-comments-icon.png]
[www.parsehub.com/static/images/pie-and-bar-chart-icon.png]
[www.parsehub.com/static/images/desktop-mobile-app-icon.png]
[www.parsehub.com/web-scraping-for-data-science.html]
[www.parsehub.com/static/fonts/glyphicons-halflings-regular.svg]
[www.parsehub.com/static/fonts/fontawesome-webfont3295.svg]
[www.parsehub.com/static/images/parsehub_logo3.svg]
[www.parsehub.com/static/images/parsehub_logo2.svg]
[www.parsehub.com/blog/content/images/2016/06/dashboard1.png]
[www.parsehub.com/blog/tag/product-analysis/index.html]
[www.parsehub.com/blog/content/images/2016/06/scrapingcategorieseCommerce.png]
[www.parsehub.com/blog/tag/pricing-analysis/index.html]
[www.parsehub.com/blog/content/images/2016/06/scrapingfashionretailerwithparsehub.png]
[www.parsehub.com/blog/tag/ecommerce/index.html]
[www.parsehub.com/blog/content/images/2016/06/chart2.png]
[www.parsehub.com/blog/tag/venture-capital/index.html]
[www.parsehub.com/blog/content/images/2016/06/dashboard3.png]
[www.parsehub.com/blog/tag/competitor-analysis/index.html]
[www.parsehub.com/blog/content/images/2016/06/chart4.png]
[www.parsehub.com/blog/tag/due-diligence/index.html]
[www.parsehub.com/blog/content/images/2016/06/tancredef-1.png]
[www.parsehub.com/blog/tag/data-scraping/index.html]
[www.parsehub.com/blog/author/tancrede-feuillade/index.html]
[parsehub.disqus.com/embed.js]
[www.parsehub.com/blog/leveraging-data-scraping-for-commercial-due-diligence/index.html]
[www.parsehub.com/blog/how-we-grew-revenue-by-20-every-month-without-investors/index.html]
[www.parsehub.com/blog/content/images/2016/06/generate_leads_from_business_directories.png]
[www.parsehub.com/blog/tag/marketing/index.html]
[www.parsehub.com/blog/content/images/2016/06/get_customer_from_social_media.png]
[www.parsehub.com/blog/tag/growth-hacking/index.html]
[www.parsehub.com/blog/content/images/2016/06/get_real_estate_leads.png]
[www.parsehub.com/blog/tag/sales-leads/index.html]
[www.parsehub.com/blog/content/images/2016/06/angie.jpg]
[www.parsehub.com/blog/get-10-000-quality-sales-leads-in-15-minutes/index.html]
[www.parsehub.com/blog/hire-quality-freelancers-10x-faster/index.html]
[www.parsehub.com/blog/author/angelina/index.html]
[www.parsehub.com/blog/why-working-remotely-is-the-best-choice-for-our-start-up/index.html]
[www.parsehub.com/blog/content/images/2016/06/scrape_multiple_brands_Amazon.png]
[www.parsehub.com/blog/tag/pricing-intelligence/index.html]
[www.parsehub.com/blog/content/images/2016/06/scrape_multiple_brands_Amazon_two.png]
[www.parsehub.com/blog/tag/amazon/index.html]
[www.parsehub.com/blog/content/images/2016/06/scrape_multiple_brands_Amazon_three.png]
[www.parsehub.com/blog/content/images/2016/06/scrape_multiple_brands_Amazon_four.png]
[www.parsehub.com/blog/content/images/2016/06/scrape_multiple_brands_Amazon_five.png]
[www.parsehub.com/blog/content/images/2016/06/amazon_scraping_tutorial_one.png]
[www.parsehub.com/blog/content/images/2016/06/amazon_scraping_tutorial_two-1.png]
[www.parsehub.com/blog/content/images/2016/06/amazon_scraping_tutorial_four-1.png]
[www.parsehub.com/blog/content/images/2016/06/amazon_scraping_tutorial_six.png]
[www.parsehub.com/blog/compare-product-prices-on-amazon-with-web-scraping/index.html]
[www.parsehub.com/blog/scrape-web-content-into-google-sheets/index.html]
[www.parsehub.com/blog/scrape-competitor-prices-from-ebay/index.html]
[www.parsehub.com/blog/content/images/2016/06/parsehub_download.png]
[www.parsehub.com/blog/blog/blog/content/images/2016/06/kimono_download.png/index.html]
[www.parsehub.com/blog/blog/blog/content/images/2016/06/parsehub_compared_to_kimono_one.png/index.html]
[platform.twitter.com/widgets.js]
[www.parsehub.com/blog/use-tableau-to-visualize-data-scraped-by-parsehub/index.html]
[www.parsehub.com/blog/blog/blog/content/images/2016/06/parsehub_compared_to_kimono_two.png/index.html]
[www.parsehub.com/blog/power-your-sports-stats-with-web-scraping/index.html]
[www.parsehub.com/blog/kimono-alternative-for-web-scraping-parsehub/index.html]
[www.parsehub.com/reset_request.html]
[www.parsehub.com/blog/assets/fonts/casper-icons3860.eot]
[www.parsehub.com/blog/assets/fonts/casper-icons3860.woff]
[www.parsehub.com/blog/assets/fonts/casper-icons3860.ttf]
[www.parsehub.com/blog/assets/css/screen164c.css]
[www.parsehub.com/blog/assets/fonts/casper-icons3860.svg]
[www.parsehub.com/blog/assets/fonts/glyphicons-halflings-regular.eot]
[www.parsehub.com/blog/assets/fonts/glyphicons-halflings-regulard41d.eot]
[www.parsehub.com/blog/assets/fonts/glyphicons-halflings-regular.woff2]
[www.parsehub.com/blog/assets/fonts/glyphicons-halflings-regular.woff]
[www.parsehub.com/blog/assets/fonts/glyphicons-halflings-regular.ttf]
[www.parsehub.com/blog/assets/css/bootstrap.min164c.css]
[www.parsehub.com/blog/assets/css/custom164c.css]
[www.parsehub.com/blog/page/2/index.html]
[www.parsehub.com/blog/tag/how-to-guides/index.html]
[www.parsehub.com/blog/tag/data-fun/index.html]
[www.parsehub.com/blog/page/3/index.html]
[www.parsehub.com/blog/tag/business-hacks/index.html]
[www.parsehub.com/blog/tag/location-data/index.html]
[www.parsehub.com/blog/tag/map-data/index.html]
[www.parsehub.com/blog/toronto-restaurants-by-category-scrape-map-data-from-a-directory/index.html]
[www.parsehub.com/blog/tag/start-up-journey/index.html]
[www.parsehub.com/blog/assets/fonts/glyphicons-halflings-regular.svg]
[www.parsehub.com/blog/tag/product-updates/index.html]
[www.parsehub.com/blog/author/quentin-simms/index.html]
[www.parsehub.com/blog/tag/scrapy-alternative/index.html]
[www.parsehub.com/blog/tag/parsehub-comparison/index.html]
[www.parsehub.com/blog/portia-vs-parsehub-comparison-which-alternative-is-the-best-option-for-web-scraping/index.html]
[www.parsehub.com/blog/tag/scrapinghub/index.html]
[www.parsehub.com/blog/tag/portia-alternative/index.html]
[www.parsehub.com/blog/how-parsehub-is-helping-the-freedom-of-information-in-brazil-2/index.html]
[www.parsehub.com/blog/content/images/2018/10/2018-10-30_16-06-17.png]
[www.parsehub.com/blog/content/images/2018/10/2018-10-30_16-14-48.png]
[www.parsehub.com/blog/author/tiago/index.html]
[www.parsehub.com/blog/tag/nonprofit-organization/index.html]
[www.parsehub.com/blog/content/images/2018/10/2018-10-30_16-16-49.png]
[www.parsehub.com/blog/content/images/2018/10/2018-10-30_16-30-33.png]
[www.parsehub.com/blog/content/images/2018/10/cryptograph-2.png]
[www.parsehub.com/blog/content/images/2018/10/profile-pic.png]
[www.parsehub.com/blog/getting-started-in-cryptocurrency-investing/index.html]
[www.parsehub.com/blog/author/melvin-bayoneto/index.html]
[www.parsehub.com/blog/tag/investigative-journalism/index.html]
[www.parsehub.com/blog/tag/use-case/index.html]
[www.parsehub.com/blog/making-my-own-music-festival-schedule-by-scraping-the-web-2/index.html]
[www.parsehub.com/blog/tag/python/index.html]
[www.parsehub.com/blog/tag/music-festival/index.html]
[www.parsehub.com/blog/content/images/2018/10/weedgraph-4.png]
[www.parsehub.com/blog/the-conversation-about-legalization/index.html]
[www.parsehub.com/blog/parsehub-vs-scrapy-comparison-which-alternative-is-better-for-web-scraping/index.html]
[www.parsehub.com/blog/tag/web-scraping/index.html]
[www.parsehub.com/blog/tag/schedule/index.html]
[www.parsehub.com/blog/author/greg-dingle/index.html]
[www.parsehub.com/blog/tag/legalization/index.html]
[www.parsehub.com/blog/tag/how-to-guides/page/2/index.html]
[www.parsehub.com/blog/tag/store-locator/index.html]
[www.parsehub.com/blog/tag/legalization-in-canada/index.html]
[www.parsehub.com/blog/how-to-get-the-locations-of-retail-stores-with-web-scraping/index.html]
[www.parsehub.com/blog/tag/costco/index.html]
[www.parsehub.com/blog/tag/extract-data/index.html]
[www.parsehub.com/blog/content/images/2018/06/2018-06-22_16-27-45.png]
[www.parsehub.com/blog/content/images/2018/06/2018-06-22_16-28-46.png]
[www.parsehub.com/blog/tag/tableau/index.html]
[www.parsehub.com/blog/tag/data-science/index.html]
[www.parsehub.com/blog/content/images/2018/06/2018-06-22_16-51-44.png]
[www.parsehub.com/blog/content/images/2018/06/2018-06-22_17-05-03.png]
[www.parsehub.com/blog/tag/parsehub/index.html]
[www.parsehub.com/blog/content/images/2018/06/2018-06-22_17-06-44.png]
[www.parsehub.com/blog/content/images/2018/06/2018-06-22_17-10-07.png]
[www.parsehub.com/blog/content/images/2018/06/2018-06-22_17-11-00.png]
[www.parsehub.com/blog/content/images/2018/06/2018-06-22_17-16-19.png]
[www.parsehub.com/blog/tag/data-in-tables/index.html]
[www.parsehub.com/blog/tag/currency-conversion/index.html]
[www.parsehub.com/blog/content/images/2018/06/2018-06-22_17-18-57.png]
[www.parsehub.com/blog/content/images/2018/05/cow.png]
[www.parsehub.com/blog/using-parsehub-to-compare-sneaker-prices/index.html]
[www.parsehub.com/blog/tag/web-scraping-tool/index.html]
[www.parsehub.com/blog/tag/opinion-mining/index.html]
[www.parsehub.com/blog/tag/sneakers/index.html]
[www.parsehub.com/blog/tag/sentiment-analysis/index.html]
[www.parsehub.com/blog/tag/jordan-brand/index.html]
[www.parsehub.com/blog/mining-tweets-for-sentiment-analysis-part-2/index.html]
[www.parsehub.com/blog/tag/presidential-race/index.html]
[www.parsehub.com/blog/tag/hillary-clinton/index.html]
[www.parsehub.com/blog/tag/donald-trump/index.html]
[www.parsehub.com/blog/tag/bernie-sanders/index.html]
[www.parsehub.com/blog/tag/twitter/index.html]
[www.parsehub.com/blog/content/images/2018/05/FreelanceWebScraping.jpg]
[www.parsehub.com/blog/how-to-lose-your-self-esteem-in-5-easy-steps-the-story-of-a-woman-in-tech/index.html]
[www.parsehub.com/blog/author/taamannae-taabassum/index.html]
[www.parsehub.com/blog/tag/media-coverage/index.html]
[www.parsehub.com/blog/tag/social-media/index.html]
[www.parsehub.com/blog/tag/developers/index.html]
[www.parsehub.com/blog/content/images/2018/05/Screen-Shot-2018-05-07-at-4-05-08-PM.png]
[www.parsehub.com/blog/content/images/2018/05/ScrapeAmazonVideo.png]
[www.parsehub.com/blog/tag/http/index.html]
[www.parsehub.com/blog/content/images/2018/05/Partner.png]
[www.parsehub.com/blog/content/images/2018/04/stephanie.jpg]
[www.parsehub.com/blog/content/images/2018/04/YongeStreet-1.png]
[www.parsehub.com/blog/a-complete-guide-on-offering-web-scraping-services/index.html]
[www.parsehub.com/blog/tag/api/index.html]
[www.parsehub.com/blog/author/joe-mcgrade/index.html]
[www.parsehub.com/blog/author/stephanie-ogay-garcia/index.html]
[www.parsehub.com/blog/tag/fantasy-sports/index.html]
[www.parsehub.com/blog/tag/freelancers/index.html]
[www.parsehub.com/blog/tag/sports-statistics/index.html]
[www.parsehub.com/blog/tag/data-analytics/index.html]
[www.parsehub.com/blog/tag/web-scraping-services/index.html]
[www.parsehub.com/blog/tag/data-fun/page/2/index.html]
[www.parsehub.com/blog/tag/education/index.html]
[www.parsehub.com/blog/students-cant-afford-to-live-and-pay-for-university-tuition-in-22-countries-2/index.html]
[www.parsehub.com/blog/tag/university/index.html]
[www.parsehub.com/blog/content/images/2016/06/cost_living_one_month_startup_city.png]
[www.parsehub.com/blog/content/images/2016/06/cost_visit_one_week_startup_city.png]
[www.parsehub.com/blog/tag/tuition-costs/index.html]
[www.parsehub.com/blog/content/images/2016/06/runway_top_startup_cities.png]
[www.parsehub.com/blog/content/images/2016/06/sanfrancisco.jpg]
[www.parsehub.com/blog/tag/statistics/index.html]
[www.parsehub.com/blog/content/images/2016/06/sanfrancisco_cost_of_living.png]
[www.parsehub.com/blog/content/images/2016/06/newyork.jpg]
[www.parsehub.com/blog/tag/economics/index.html]
[www.parsehub.com/blog/content/images/2016/06/newyork_cost_of_living.png]
[www.parsehub.com/blog/tag/data-extraction/index.html]
[www.parsehub.com/blog/content/images/2016/06/washington.jpg]
[www.parsehub.com/blog/content/images/2016/06/washington_cost_of_living.png]
[www.parsehub.com/blog/content/images/2016/06/london.jpg]
[www.parsehub.com/blog/content/images/2016/06/london_cost_of_living.png]
[www.parsehub.com/blog/what-27000-tweets-can-tell-you-about-the-presidential-primaries/index.html]
[www.parsehub.com/blog/content/images/2016/06/chicago.jpg]
[www.parsehub.com/blog/tag/presidential-campaign/index.html]
[www.parsehub.com/blog/content/images/2016/06/chicago_cost_of_living.png]
[www.parsehub.com/blog/content/images/2016/06/seattle.jpg]
[www.parsehub.com/blog/tag/business-hacks/page/2/index.html]
[www.parsehub.com/blog/content/images/2016/06/seattle_cost_of_living.png]
[www.parsehub.com/blog/content/images/2016/06/losangeles.jpg]
[www.parsehub.com/blog/content/images/2016/06/losangeles_cost_of_living.png]
[www.parsehub.com/blog/content/images/2016/06/singapore.jpg]
[www.parsehub.com/blog/tag/growth/index.html]
[www.parsehub.com/blog/content/images/2016/06/singapore_cost_of_living.png]
[www.parsehub.com/blog/content/images/2016/06/austin.jpg]
[www.parsehub.com/blog/content/images/2016/06/austin_cost_of_living.png]
[www.parsehub.com/blog/tag/productivity/index.html]
[www.parsehub.com/blog/content/images/2016/06/sydney.jpg]
[www.parsehub.com/blog/content/images/2016/06/sydney_cost_of_living.png]
[www.parsehub.com/blog/content/images/2016/06/telaviv.jpg]
[www.parsehub.com/blog/content/images/2016/06/telaviv_cost_of_living.png]
[www.parsehub.com/blog/how-we-got-our-first-10-paying-saas-customers/index.html]
[www.parsehub.com/blog/tag/start-ups/index.html]
[www.parsehub.com/blog/content/images/2016/06/paris.jpg]
[www.parsehub.com/blog/content/images/2016/06/paris_cost_of_living.png]
[www.parsehub.com/blog/content/images/2016/06/boston.jpg]
[www.parsehub.com/blog/tag/kimono-labs/index.html]
[www.parsehub.com/blog/content/images/2016/06/boston_cost_of_living.png]
[www.parsehub.com/blog/content/images/2016/06/vancouver.jpg]
[www.parsehub.com/blog/content/images/2016/06/vancouver_cost_of_living.png]
[www.parsehub.com/blog/content/images/2016/06/melbourne.jpg]
[www.parsehub.com/blog/tag/data-aggregation/index.html]
[www.parsehub.com/blog/tag/google-sheets/index.html]
[www.parsehub.com/blog/content/images/2016/06/melbourne_cost_of_living.png]
[www.parsehub.com/blog/content/images/2016/06/toronto.jpg]
[www.parsehub.com/blog/tag/web-scraping/page/2/index.html]
[www.parsehub.com/blog/content/images/2016/06/toronto_cost_of_living.png]
[www.parsehub.com/blog/content/images/2016/06/moscow.jpg]
[www.parsehub.com/blog/content/images/2016/06/moscow_cost_of_living.png]
[www.parsehub.com/blog/content/images/2016/06/montreal.jpg]
[www.parsehub.com/blog/tag/web-scraping-tool/page/2/index.html]
[www.parsehub.com/blog/content/images/2016/06/montreal_cost_of_living.png]
[www.parsehub.com/blog/content/images/2016/06/Berlin.jpg]
[www.parsehub.com/blog/content/images/2016/06/berlin_cost_of_living.png]
[www.parsehub.com/blog/tag/hiring/index.html]
[www.parsehub.com/blog/content/images/2016/06/waterloo.jpg]
[www.parsehub.com/blog/content/images/2016/06/waterloo_cost_of_living.png]
[www.parsehub.com/blog/content/images/2016/06/saopaulo.jpg]
[www.parsehub.com/blog/content/images/2016/06/sao_paulo_cost_of_living.png]
[www.parsehub.com/blog/tag/data/index.html]
[www.parsehub.com/blog/content/images/2016/06/madrid.jpg]
[www.parsehub.com/blog/content/images/2016/06/madrid_cost_of_living.png]
[www.parsehub.com/blog/content/images/2016/06/santiago.jpg]
[www.parsehub.com/blog/content/images/2016/06/santiago_cost_of_living.png]
[www.parsehub.com/blog/content/images/2016/06/warsaw.jpg]
[www.parsehub.com/blog/tag/cost-of-living/index.html]
[www.parsehub.com/blog/content/images/2016/06/warsaw_cost_of_living.png]
[www.parsehub.com/blog/content/images/2016/06/mumbai.jpg]
[www.parsehub.com/blog/content/images/2016/06/mumbai_cost_of_living.png]
[www.parsehub.com/blog/content/images/2016/06/bangalore.jpg]
[www.parsehub.com/blog/content/images/2016/06/bangalore_cost_of_living.png]
[www.parsehub.com/blog/tag/start-up-cities/index.html]
[www.parsehub.com/content/images/2016/06/Picture2-2.png]
[www.parsehub.com/blog/cost-of-living-in-and-visiting-the-best-26-startup-cities/index.html]
[www.parsehub.com/blog/content/images/2016/06/app_side_bar_v1.png]
[www.parsehub.com/blog/content/images/2016/06/app_side_bar_v2.png]
[www.parsehub.com/blog/content/images/2016/06/enter_url_directly_into_app_parsehub.png]
[www.parsehub.com/blog/content/images/2016/06/accessing_new_toolbox_parsehub.png]
[www.parsehub.com/blog/content/images/2016/06/accessing_toolbox_parsehub-1.png]
[www.parsehub.com/blog/content/images/2016/06/relative_select_parsehub_sidebar.png]
[www.parsehub.com/blog/content/images/2016/06/relative_select_parsehub_sampleresults.png]
[www.parsehub.com/blog/content/images/2016/06/change_templates.gif]
[www.parsehub.com/blog/content/images/2016/06/begin_new_entry_command_parsehub.png]
[www.parsehub.com/blog/content/images/2016/06/select_mode_parsehub.png]
[www.parsehub.com/blog/content/images/2016/06/select_multiple_element.gif]
[www.parsehub.com/blog/content/images/2016/06/selection_sidebar.png]
[www.parsehub.com/blog/content/images/2016/06/selection_sampleresults.png]
[www.parsehub.com/blog/content/images/2016/06/begin_new_entry_command_sidebar.png]
[www.parsehub.com/blog/content/images/2016/06/begin_new_entry_command_sampleresults.png]
[www.parsehub.com/blog/content/images/2016/06/using_input_box_parsehub.png]
[www.parsehub.com/blog/content/images/2016/06/click_wait_time_pop_up.png]
[www.parsehub.com/blog/content/images/2016/06/click_wait_time_sidebar.png]
[www.parsehub.com/blog/content/images/2016/06/login_parsehub_sidebar.png]
[www.parsehub.com/blog/content/images/2016/06/click_login_button_parsehub.png]
[www.parsehub.com/blog/content/images/2016/06/infinite_scroll_parsehub.png]
[www.parsehub.com/blog/content/images/2016/06/using_the_click_tool.png]
[www.parsehub.com/blog/content/images/2016/06/open_new_template_click_parsehub.png]
[www.parsehub.com/blog/content/images/2016/06/go_to_new_url_parsehub.png]
[www.parsehub.com/blog/introducing-a-new-version-of-parsehub/index.html]
[www.parsehub.com/blog/pink-tax-is-real-women-pay-43-more-for-personal-care-products-in-canada/index.html]
[www.parsehub.com/docs/ref/api/v2/fonts/icomoon.eot]
[www.parsehub.com/docs/ref/api/v2/fonts/icomoond41d.eot]
[www.parsehub.com/docs/ref/api/v2/fonts/icomoon.ttf]
[www.parsehub.com/docs/ref/api/v2/fonts/icomoon.woff]
[www.parsehub.com/docs/ref/api/v2/stylesheets/screen.css]
[www.parsehub.com/docs/ref/api/v2/stylesheets/print.css]
[www.parsehub.com/docs/ref/api/v2/images/parsehub_logo2_white.svg]
[www.parsehub.com/loginec27.html]
[www.parsehub.com/privacypolicy.html]
[www.parsehub.com/docs/ref/api/v2/index23ee.html]
[www.parsehub.com/docs/ref/api/v2/index58e5.html]
[www.parsehub.com/docs/ref/api/v2/indexe1bf.html]
[www.parsehub.com/docs/ref/api/v2/index36c4.html]
[www.parsehub.com/docs/ref/api/v2/index34d1.html]
[www.parsehub.com/docs/ref/api/v2/fonts/icomoon.svg]
[www.parsehub.com/blog/content/images/2016/06/1-main_template.png]
[www.parsehub.com/blog/content/images/2016/06/2-signin_page.png]
[www.parsehub.com/blog/content/images/2016/06/3-search_page-1.png]
[www.parsehub.com/blog/content/images/2016/06/4-search_page-2.png]
[www.parsehub.com/blog/content/images/2016/06/5-Importing.png]
[www.parsehub.com/blog/content/images/2016/06/6-HTTP-POSTs.png]
[www.parsehub.com/blog/content/images/2016/06/7-Saving.png]
[www.parsehub.com/blog/content/images/2016/06/8-Loading.png]
[www.parsehub.com/blog/content/images/2016/06/8--5-Loading-table.png]
[www.parsehub.com/blog/content/images/2016/06/13087190_10154188631971052_1089741198482097376_o-2.jpg]
[www.parsehub.com/content/images/2016/06/Picture2-1.10d.delayed]
[www.parsehub.com/blog/mining-tweets-for-sentiment-analysis-part-1/index.html]
[www.parsehub.com/blog/content/images/2016/06/Can-students-afford-public-University-by-working-while-studying-.png]
[www.parsehub.com/blog/content/images/2016/06/enter_economics_website.png]
[www.parsehub.com/blog/the-outrageous-cost-of-university-tuition-in-40-countries/index.html]
[www.parsehub.com/blog/content/images/2016/06/sidebar_parsehub_scraping_statistics.png]
[www.parsehub.com/blog/content/images/2016/06/view_entire_webscraping_app_for_scraping_statistics.png]
[www.parsehub.com/blog/content/images/2016/06/choose_the_select_tool_scraping_statistics.png]
[www.parsehub.com/blog/content/images/2016/06/parsehub_sidebar_view_scrape_wages.png]
[www.parsehub.com/blog/content/images/2016/06/selecting_and_scraping_data_from_a_table-1.png]
[www.parsehub.com/blog/content/images/2016/06/view_of_sidebar_for_scraping_currencies_parsehub.png]
[www.parsehub.com/blog/content/images/2016/06/view_of_parsehub_web_scraping_app_for_scraping_currencies.png]
[www.parsehub.com/blog/content/images/2016/06/scraping_currencies_parsehub.png]
[www.parsehub.com/blog/content/images/2016/06/scraping_statistics_regular_expressions_parsehub.png]
[www.parsehub.com/blog/content/images/2016/06/sample_results_with_regular_expressions.png]
[www.parsehub.com/blog/content/images/2016/06/choose_the_go_to_template_tool_from_menu.png]
[www.parsehub.com/blog/content/images/2016/06/pop_up_menu_going_to_new_template.png]
[www.parsehub.com/blog/content/images/2016/06/no_duplicates_found_parsehub.png]
[www.parsehub.com/blog/content/images/2016/06/input_value_to_search_box_parsehub.png]
[www.parsehub.com/blog/content/images/2016/06/wait_for_element_to_appear_on_input_textbox.png]
[www.parsehub.com/blog/content/images/2016/06/choose_input_tool_from_menu.png]
[www.parsehub.com/blog/content/images/2016/06/Screenshot-2016-06-21-20-33-18.png]
[www.parsehub.com/blog/content/images/2016/06/get_converted_amount_with_parsehub_automatically.png]
[www.parsehub.com/content/images/2016/07/pros_cons_parsehub_importio-1.png]
[www.parsehub.com/blog/scrape-data-from-tables-convert-currencies-to-usd-automatically/index.html]
[www.parsehub.com/blog/tag/product-analysis/index.html]
[www.parsehub.com/blog/tag/pricing-analysis/index.html]
[www.parsehub.com/blog/tag/excel/index.html]
[www.parsehub.com/blog/tag/pink-tax/index.html]
[www.parsehub.com/blog/tag/ecommerce/index.html]
[www.parsehub.com/blog/parsehub-vs-import-io-which-alternative-is-better-for-web-scraping/index.html]
[www.parsehub.com/blog/tag/walmart/index.html]
[www.parsehub.com/blog/tag/venture-capital/index.html]
[www.parsehub.com/blog/tag/well-ca/index.html]
[www.parsehub.com/blog/tag/loblaws/index.html]
[www.parsehub.com/blog/tag/personal-care-items/index.html]
[www.parsehub.com/blog/tag/competitor-analysis/index.html]
[www.parsehub.com/blog/tag/ebay/index.html]
[www.parsehub.com/blog/tag/price-intelligence/index.html]
[www.parsehub.com/blog/tag/due-diligence/index.html]
[www.parsehub.com/blog/tag/data-scraping/index.html]
[www.parsehub.com/blog/author/tancrede-feuillade/index.html]
[www.parsehub.com/blog/tag/product-pricing/index.html]
[www.parsehub.com/blog/tag/competitor-analysis-2/index.html]
[www.parsehub.com/blog/content/images/2016/06/email5.png]
[www.parsehub.com/blog/content/images/2016/06/email3.png]
[www.parsehub.com/blog/content/images/2016/06/email1.png]
[www.parsehub.com/blog/content/images/2016/06/email2.png]
[www.parsehub.com/blog/content/images/2016/06/email7.png]
[www.parsehub.com/blog/content/images/2016/06/email8.png]
[www.parsehub.com/blog/content/images/2016/06/email6.png]
[www.parsehub.com/blog/content/images/2016/06/forbes_and_parsehub.png]
[www.parsehub.com/blog/content/images/2016/06/email11.png]
[www.parsehub.com/blog/content/images/2016/06/email9.png]
[www.parsehub.com/blog/content/images/2016/06/email10.png]
[www.parsehub.com/blog/how-we-grew-revenue-by-20-every-month-without-investors/index.html]
[www.parsehub.com/blog/tag/marketing/index.html]
[www.parsehub.com/blog/tag/growth-hacking/index.html]
[www.parsehub.com/blog/grow-your-blog-10x-faster-with-the-right-metrics/index.html]
[www.parsehub.com/blog/tag/parsehub-tutorial/index.html]
[www.parsehub.com/blog/tag/google-analytics/index.html]
[www.parsehub.com/blog/tag/sales-leads/index.html]
[www.parsehub.com/blog/boost-your-content-marketing-with-web-scraping-and-pivot-tables/index.html]
[www.parsehub.com/blog/content/images/2016/06/hire_quality_freelancers.png]
[www.parsehub.com/blog/content/images/2016/06/elance_job_description.png]
[www.parsehub.com/blog/content/images/2016/06/login_with_parsehub_freelancers.gif]
[www.parsehub.com/blog/content/images/2016/06/find_freelancers_with_parsehub.gif]
[www.parsehub.com/blog/content/images/2016/06/searching_for_freelancers_with_upwork.png]
[www.parsehub.com/blog/content/images/2016/06/send_messages_with_parsehub.gif]
[www.parsehub.com/blog/content/images/2016/06/invitation_template.png]
[www.parsehub.com/blog/content/images/2016/06/streak_automate_email_responses.png]
[www.parsehub.com/blog/content/images/2016/06/send_emails_automatically.gif]
[www.parsehub.com/blog/content/images/2016/06/wetime_schedule_interview.png]
[www.parsehub.com/blog/content/images/2016/06/schedule_interviews.gif]
[www.parsehub.com/blog/hire-quality-freelancers-10x-faster/index.html]
[www.parsehub.com/blog/author/angelina/index.html]
[www.parsehub.com/blog/author/angelina/page/2/index.html]
[www.parsehub.com/blog/tag/education-statistics/index.html]
[www.parsehub.com/blog/tag/open-data/index.html]
[www.parsehub.com/blog/content/images/2016/06/winter_is_coming.jpg]
[www.parsehub.com/blog/content/images/2016/06/canadian_winter.jpg]
[www.parsehub.com/content/images/2016/06/growthhackers_data_part25.png]
[www.parsehub.com/blog/why-working-remotely-is-the-best-choice-for-our-start-up/index.html]
[www.parsehub.com/blog/tag/pricing-intelligence/index.html]
[www.parsehub.com/blog/tag/amazon/index.html]
[www.parsehub.com/blog/content/images/2016/06/scrape_data_into_google_sheets_one.png]
[www.parsehub.com/blog/content/images/2016/06/scrape_data_into_google_sheets_two.png]
[www.parsehub.com/blog/content/images/2016/06/scrape_data_into_google_sheets_three.png]
[www.parsehub.com/blog/content/images/2016/06/scrape_data_into_google_sheets_four.png]
[www.parsehub.com/blog/content/images/2016/06/scrape_data_into_google_sheets_five.png]
[www.parsehub.com/blog/content/images/2016/06/scrape_data_into_google_sheets_seven.png]
[www.parsehub.com/blog/content/images/2016/06/scrape_data_into_google_sheets_eight.png]
[www.parsehub.com/blog/content/images/2016/06/scrape_data_into_google_sheets_nine.png]
[www.parsehub.com/blog/scrape-web-content-into-google-sheets/index.html]
[www.parsehub.com/blog/find-business-leads-and-contact-info-from-yellowpages/index.html]
[www.parsehub.com/blog/content/images/2016/06/web_scraping_eBay_eCommerce_one.png]
[www.parsehub.com/blog/content/images/2016/06/web_scraping_eBay_eCommerce_two.png]
[www.parsehub.com/blog/content/images/2016/06/web_scraping_eBay_eCommerce_three.png]
[www.parsehub.com/blog/content/images/2016/06/web_scraping_eBay_eCommerce_four.png]
[www.parsehub.com/blog/content/images/2016/06/web_scraping_eBay_eCommerce_eight.png]
[www.parsehub.com/blog/content/images/2016/06/web_scraping_eBay_eCommerce_six.png]
[www.parsehub.com/blog/content/images/2016/06/web_scraping_eBay_eCommerce_seven.png]
[www.parsehub.com/blog/scrape-competitor-prices-from-ebay/index.html]
[www.parsehub.com/blog/blog/blog/content/images/2016/06/kimono_download.png/index.html]
[www.parsehub.com/blog/blog/blog/content/images/2016/06/parsehub_compared_to_kimono_one.png/index.html]
[www.parsehub.com/blog/blog/blog/content/images/2016/06/parsehub_compared_to_kimono_two.png/index.html]
[www.parsehub.com/blog/content/images/2016/06/webscraping_sports_stats_one.png]
[www.parsehub.com/blog/content/images/2016/06/webscraping_sports_stats_two.png]
[www.parsehub.com/blog/content/images/2016/06/webscraping_sports_stats_three.png]
[www.parsehub.com/blog/content/images/2016/06/webscraping_sports_stats_4.png]
[www.parsehub.com/blog/content/images/2016/06/webscraping_sports_stats_four.png]
[www.parsehub.com/blog/content/images/2016/06/webscraping_sports_stats_five.png]
[www.parsehub.com/blog/power-your-sports-stats-with-web-scraping/index.html]
[www.parsehub.com/content/images/2016/06/parsehub_download.png]
[www.parsehub.com/content/images/2016/06/kimono_download.png]
[www.parsehub.com/blog/tag/scraping-alternatives/index.html]
[www.parsehub.com/content/images/2016/06/parsehub_compared_to_kimono_one.png]
[www.parsehub.com/content/images/2016/06/parsehub_compared_to_kimono_two.png]
[www.parsehub.com/blog/kimono-alternative-for-web-scraping-parsehub/index.html]
[www.parsehub.com/blog/assets/fonts/casper-icons3860.svg]
[www.parsehub.com/blog/assets/fonts/glyphicons-halflings-regular.svg]
[www.parsehub.com/blog/page/3/index.html]
[www.parsehub.com/blog/content/images/2018/05/MapofTorontoRestaurantsbyCategory.png]
[www.parsehub.com/blog/page/4/index.html]
[www.parsehub.com/blog/content/images/2018/05/YongeStreet.png]
[www.parsehub.com/blog/tag/import-io-alternative/index.html]
[www.parsehub.com/blog/content/images/2018/05/IndianAndItalian.png]
[www.parsehub.com/blog/content/images/2018/05/PortugueseAndTibetan.png]
[www.parsehub.com/blog/content/images/2018/05/GreekChineseKorean.png]
[www.parsehub.com/blog/content/images/2018/05/LittleJamaica.png]
[www.parsehub.com/blog/tag/import-io-comparison/index.html]
[www.parsehub.com/blog/content/images/2018/05/EthiopianSpanishLatinAmerican.png]
[www.parsehub.com/blog/content/images/2018/05/SandwichesSaladsSoupCafes.png]
[www.parsehub.com/blog/content/images/2018/05/WaffleMile.png]
[www.parsehub.com/blog/content/images/2018/05/Vegandale.png]
[www.parsehub.com/blog/content/images/2018/05/Screen-Shot-2018-04-30-at-11-07-29-AM.png]
[www.parsehub.com/blog/tag/parsehub-review/index.html]
[www.parsehub.com/blog/tag/import-io-review/index.html]
[www.parsehub.com/blog/content/images/2018/05/Screen-Shot-2018-04-30-at-11-08-57-AM-1.png]
[www.parsehub.com/blog/toronto-restaurants-by-category-scrape-map-data-from-a-directory/index.html]
[www.parsehub.com/blog/tag/location-data/index.html]
[www.parsehub.com/blog/tag/map-data/index.html]
[www.parsehub.com/blog/tag/parsehub-features/index.html]
[www.parsehub.com/blog/content/images/2016/07/whoops_stole_Angelinas_logos.png]
[www.parsehub.com/blog/content/images/2016/06/parsehub_example_billboard.png]
[portia.readthedocs.io/en/2.0-docs/_static/portia-follow-patterns.png]
[www.parsehub.com/blog/content/images/2016/07/Screenshot-2016-07-14-18-47-21.png]
[www.parsehub.com/blog/content/images/2016/08/crawlera_pricing_chart.png]
[www.parsehub.com/blog/content/images/2016/08/splash_pricing_chart.png]
[www.parsehub.com/blog/content/images/2016/08/parsehub_pricing_portia_comparison.png]
[www.parsehub.com/blog/portia-vs-parsehub-comparison-which-alternative-is-the-best-option-for-web-scraping/asos.com/index.html]
[www.parsehub.com/blog/content/images/2016/08/asos_home_parsehub.png]
[www.parsehub.com/blog/content/images/2016/08/extract_gender_asos.png]
[www.parsehub.com/blog/content/images/2016/08/going_to_asos_categories.png]
[www.parsehub.com/blog/content/images/2016/08/going_to_asos_products.png]
[www.parsehub.com/blog/content/images/2016/08/asos_select_whats_new.png]
[www.parsehub.com/blog/content/images/2016/08/selecting_the_rrp_asos.png]
[www.parsehub.com/blog/content/images/2016/08/regex_on_asos_parsehub.png]
[www.parsehub.com/blog/content/images/2016/08/parsehub_image_asos_sales.png]
[www.parsehub.com/blog/content/images/2016/08/parsehub_asos_run_data.png]
[www.parsehub.com/blog/content/images/2016/08/asos_results_1_parsehub.png]
[www.parsehub.com/blog/content/images/2016/08/portia_asos_home.png]
[www.parsehub.com/blog/content/images/2016/08/portia_training_first_sample.png]
[www.parsehub.com/blog/content/images/2016/08/regular_expression_with_portia_prices.png]
[www.parsehub.com/blog/content/images/2016/08/portia_more_prices_and_images.png]
[www.parsehub.com/blog/content/images/2016/08/portia_configure_link_pattern_asos.png]
[www.parsehub.com/blog/content/images/2016/08/portia_toggle_link_highlight.png]
[www.parsehub.com/blog/content/images/2016/08/portia_run_data.png]
[www.parsehub.com/blog/content/images/2016/08/portia_error.png]
[www.parsehub.com/blog/content/images/2016/08/portia_many_errors.png]
[www.parsehub.com/blog/content/images/2016/08/parsehub_cpu_usage.png]
[www.parsehub.com/blog/content/images/2016/08/portia_cpu_usage.png]
[www.parsehub.com/blog/content/images/2016/08/portia_cpu_usage_after.png]
[www.parsehub.com/blog/content/images/2016/08/parsehub_asos_run_2_data.png]
[www.parsehub.com/content/images/2016/07/abraji_increase_in_lawsuits.png]
[www.parsehub.com/blog/portia-vs-parsehub-comparison-which-alternative-is-the-best-option-for-web-scraping/index.html]
[www.parsehub.com/blog/author/quentin-simms/index.html]
[www.parsehub.com/blog/tag/scrapy-alternative/index.html]
[www.parsehub.com/blog/tag/parsehub-comparison/index.html]
[www.parsehub.com/blog/tag/portia-alternative/index.html]
[www.parsehub.com/blog/tag/scrapinghub/index.html]
[congresso.abraji.org.br/images/logo2013.jpg]
[www.parsehub.com/blog/author/quentin-simms/page/2/index.html]
[www.parsehub.com/blog/content/images/2016/07/abraji_increase_in_lawsuits.png]
[www.parsehub.com/blog/content/images/2016/07/abraji_media_companies.png]
[www.parsehub.com/blog/content/images/2016/07/abraji_parties_suing_most.png]
[www.parsehub.com/content/images/2016/08/tiago_foto.189.delayed]
[www.parsehub.com/blog/how-parsehub-is-helping-the-freedom-of-information-in-brazil-2/index.html]
[www.parsehub.com/blog/author/tiago/index.html]
[www.parsehub.com/blog/tag/nonprofit-organization/index.html]
[www.parsehub.com/blog/tag/use-case/index.html]
[www.parsehub.com/blog/tag/investigative-journalism/index.html]
[upload.wikimedia.org/wikipedia/commons/e/e8/2012-08-03_Osheaga_Festival_Parc_Jean-Drapeau_Montreal.jpg]
[www.parsehub.com/blog/content/images/2016/07/wayhome_schedule.png]
[www.parsehub.com/blog/content/images/2016/07/wayhome_parsehub_projects.png]
[www.parsehub.com/blog/content/images/2016/07/Saturday_Schedule.png]
[www.parsehub.com/blog/content/images/2016/07/Sunday_Schedule.png]
[www.parsehub.com/blog/making-my-own-music-festival-schedule-by-scraping-the-web-2/index.html]
[www.parsehub.com/blog/tag/python/index.html]
[www.parsehub.com/blog/tag/music-festival/index.html]
[www.parsehub.com/blog/tag/schedule/index.html]
[www.parsehub.com/blog/content/images/2016/07/Screenshot-2016-07-14-18-53-42.png]
[www.parsehub.com/blog/content/images/2016/07/Screenshot-2016-07-14-18-56-04.png]
[www.parsehub.com/blog/content/images/2016/07/Screenshot-2016-07-14-18-49-10.png]
[www.parsehub.com/blog/content/images/2016/07/Screenshot-2016-07-14-15-14-27.png]
[www.parsehub.com/content/images/2016/07/starbucks_locations.png]
[www.parsehub.com/blog/parsehub-vs-scrapy-comparison-which-alternative-is-better-for-web-scraping/index.html]
[www.parsehub.com/blog/author/greg-dingle/index.html]
[www.parsehub.com/blog/tag/how-to-guides/page/2/index.html]
[www.parsehub.com/blog/tag/how-to-guides/page/3/index.html]
[www.parsehub.com/blog/nousdecor-uses-parsehub-to-find-beautiful-interior-decor/index.html]
[www.parsehub.com/blog/content/images/2016/07/starbucks_locations.png]
[www.parsehub.com/blog/content/images/2016/07/automate_all_the_things.jpg]
[www.parsehub.com/blog/tag/case-study/index.html]
[www.parsehub.com/blog/content/images/2016/07/costco_home_page.png]
[www.parsehub.com/blog/content/images/2016/07/add_hover_command_costco.png]
[www.parsehub.com/blog/content/images/2016/07/costco_search_bar_senter.png]
[www.parsehub.com/blog/content/images/2016/07/costco_click_search.png]
[www.parsehub.com/blog/content/images/2016/07/relative_select_costco.png]
[www.parsehub.com/blog/content/images/2016/07/costco_relative_selects.png]
[www.parsehub.com/blog/content/images/2016/07/costco_create_details_template.png]
[www.parsehub.com/blog/content/images/2016/07/costco_hours_departments.png]
[www.parsehub.com/blog/content/images/2016/07/costco_results.png]
[www.parsehub.com/blog/how-to-get-the-locations-of-retail-stores-with-web-scraping/index.html]
[www.parsehub.com/blog/tag/store-locator/index.html]
[www.parsehub.com/blog/tag/costco/index.html]
[www.parsehub.com/blog/tag/extract-data/index.html]
[www.parsehub.com/blog/tag/data-science/index.html]
[www.parsehub.com/blog/tag/tableau/index.html]
[www.parsehub.com/blog/tag/parsehub/index.html]
[www.parsehub.com/blog/tag/data-in-tables/index.html]
[www.parsehub.com/blog/tag/currency-conversion/index.html]
[www.parsehub.com/blog/content/images/2016/06/8--5-Loading-table-1.png]
[www.parsehub.com/blog/content/images/2016/06/9-datefixer.png]
[www.parsehub.com/blog/content/images/2016/06/10-candidate-counter.png]
[www.parsehub.com/blog/content/images/2016/06/11-candidate-counter-2.png]
[www.parsehub.com/blog/content/images/2016/06/12-plotter.png]
[www.parsehub.com/blog/content/images/2016/06/13-plotted.png]
[www.parsehub.com/blog/content/images/2016/06/14-splitting-up.png]
[www.parsehub.com/blog/content/images/2016/06/15-network-percentages.png]
[www.parsehub.com/blog/content/images/2016/06/16-network-ratios.png]
[www.parsehub.com/blog/content/images/2016/06/17-network-ratios-table.png]
[www.parsehub.com/blog/content/images/2016/06/17-5-network-ratios-2.png]
[www.parsehub.com/blog/content/images/2016/06/17-75-network-ratios-2-2-.png]
[www.parsehub.com/blog/content/images/2016/06/18-network-sentiment.png]
[www.parsehub.com/blog/content/images/2016/06/20-network-sentiment-2.png]
[www.parsehub.com/blog/content/images/2016/06/21-candidate-sentiment.png]
[www.parsehub.com/blog/content/images/2016/06/22-candidate-to-candidate.png]
[www.parsehub.com/blog/content/images/2016/06/23-candidate-to-candidate-table.png]
[www.parsehub.com/blog/mining-tweets-for-sentiment-analysis-part-2/index.html]
[www.parsehub.com/blog/tag/sentiment-analysis/index.html]
[www.parsehub.com/blog/tag/opinion-mining/index.html]
[www.parsehub.com/blog/tag/presidential-race/index.html]
[www.parsehub.com/blog/tag/donald-trump/index.html]
[www.parsehub.com/blog/tag/hillary-clinton/index.html]
[www.parsehub.com/blog/tag/bernie-sanders/index.html]
[www.parsehub.com/blog/tag/twitter/index.html]
[www.parsehub.com/blog/tag/social-media/index.html]
[www.parsehub.com/blog/tag/media-coverage/index.html]
[www.parsehub.com/blog/tag/developers/index.html]
[www.parsehub.com/blog/tag/http/index.html]
[www.parsehub.com/blog/tag/api/index.html]
[www.parsehub.com/blog/author/joe-mcgrade/index.html]
[www.parsehub.com/blog/tag/sports-statistics/index.html]
[www.parsehub.com/blog/tag/fantasy-sports/index.html]
[www.parsehub.com/blog/tag/data-analytics/index.html]
[www.parsehub.com/blog/tag/data-fun/page/2/index.html]
[www.parsehub.com/blog/content/images/2016/06/Can-students-afford-living-expenses-and-public-tuition-by-working-while-studying-.png]
[www.parsehub.com/blog/content/images/2016/06/Can-students-afford-living-expenses-and-private-tuition-by-working-while-studying-.png]
[www.parsehub.com/blog/content/images/2016/06/Can-students-afford-private-University-by-working-while-studying-.png]
[www.parsehub.com/content/images/2016/06/Picture1-1.png]
[www.parsehub.com/blog/students-cant-afford-to-live-and-pay-for-university-tuition-in-22-countries-2/index.html]
[www.parsehub.com/blog/tag/education/index.html]
[www.parsehub.com/blog/tag/university/index.html]
[www.parsehub.com/blog/tag/tuition-costs/index.html]
[www.parsehub.com/blog/tag/statistics/index.html]
[www.parsehub.com/blog/tag/economics/index.html]
[www.parsehub.com/blog/tag/data-extraction/index.html]
[www.parsehub.com/blog/content/images/2016/06/Coverage-from-the-6-News-Sources.png]
[www.parsehub.com/blog/content/images/2016/06/Picture1.png]
[www.parsehub.com/blog/content/images/2016/06/Picture2.png]
[www.parsehub.com/blog/content/images/2016/06/Picture3.png]
[www.parsehub.com/blog/content/images/2016/06/Picture4.png]
[www.parsehub.com/blog/content/images/2016/06/MSNBC-Democratic-Mentions.png]
[www.parsehub.com/blog/content/images/2016/06/NBC-politics-Dems.png]
[www.parsehub.com/blog/content/images/2016/06/fox-dems.png]
[www.parsehub.com/blog/content/images/2016/06/foxpols-dems.png]
[www.parsehub.com/blog/content/images/2016/06/hey1.png]
[www.parsehub.com/blog/content/images/2016/06/hey2.png]
[www.parsehub.com/blog/content/images/2016/06/hey3.png]
[www.parsehub.com/blog/content/images/2016/06/hey4.png]
[www.parsehub.com/blog/content/images/2016/06/hey5-1.png]
[www.parsehub.com/blog/content/images/2016/06/hey6.png]
[www.parsehub.com/blog/content/images/2016/06/a1.png]
[www.parsehub.com/blog/content/images/2016/06/Clinton-Sentiment.png]
[www.parsehub.com/blog/content/images/2016/06/Sanders-Sentiment.png]
[www.parsehub.com/blog/content/images/2016/06/Trump-s-Sentiment.png]
[www.parsehub.com/blog/what-27000-tweets-can-tell-you-about-the-presidential-primaries/index.html]
[www.parsehub.com/blog/tag/presidential-campaign/index.html]
[www.parsehub.com/blog/tag/business-hacks/page/2/index.html]
[www.parsehub.com/blog/tag/growth/index.html]
[www.parsehub.com/blog/tag/productivity/index.html]
[www.parsehub.com/blog/content/images/2016/06/usertesting-googlehangouts-parsehub.png]
[www.parsehub.com/blog/content/images/2016/06/how_to_get_your_first_customer.png]
[www.parsehub.com/blog/content/images/2016/06/communities_parsehub.png]
[www.parsehub.com/blog/content/images/2016/06/Hackernews-parsehub-dataextraction.png]
[www.parsehub.com/blog/content/images/2016/06/Quora-parsehub-dataextraction.png]
[www.parsehub.com/blog/how-we-got-our-first-10-paying-saas-customers/index.html]
[www.parsehub.com/blog/tag/start-ups/index.html]
[www.parsehub.com/blog/tag/kimono-labs/index.html]
[www.parsehub.com/blog/tag/data-aggregation/index.html]
[www.parsehub.com/blog/tag/google-sheets/index.html]
[www.parsehub.com/blog/tag/web-scraping/page/2/index.html]
[www.parsehub.com/blog/content/images/2018/05/cow.html]
[www.parsehub.com/blog/tag/web-scraping-tool/page/2/index.html]
[www.parsehub.com/blog/content/images/2018/05/FreelanceWebScraping.html]
[www.parsehub.com/blog/content/images/2018/05/Screen-Shot-2018-05-07-at-4-05-08-PM.html]
[www.parsehub.com/blog/content/images/2018/05/Partner.html]
[www.parsehub.com/blog/tag/hiring/index.html]
[www.parsehub.com/blog/tag/data/index.html]
[www.parsehub.com/blog/tag/cost-of-living/index.html]
[www.parsehub.com/blog/tag/start-up-cities/index.html]
[www.parsehub.com/content/images/2016/06/Picture2-2.html]
[www.parsehub.com/blog/tag/web-scraping/page/3/index.html]
[e.infogr.am_443/js/embedb76d.js]
[www.parsehub.com/blog/content/images/2016/06/product_men.png]
[www.parsehub.com/blog/content/images/2016/06/product_women.png]
[www.parsehub.com/blog/pink-tax-is-real-women-pay-43-more-for-personal-care-products-in-canada/index.html]
[www.parsehub.com/docs/ref/api/v2/fonts/icomoon.svg]
[www.parsehub.com/content/images/2016/06/Picture2-1.html]
[www.parsehub.com/blog/content/images/2016/06/Cost_of_public_University_degrees.png]
[www.parsehub.com/blog/content/images/2016/06/Cost_of_private_University_degrees.png]
[www.parsehub.com/blog/content/images/2016/06/countries_where_public_university_degree_is_free.png]
[www.parsehub.com/blog/content/images/2016/06/years_it_will_take_to_afford_public_University_tuition.png]
[www.parsehub.com/blog/content/images/2016/06/years_it_will_take_to_afford_private_University_tuition.png]
[www.parsehub.com/blog/content/images/2016/06/weekly_hours_required_to_afford_a_public_University_degree.png]
[www.parsehub.com/blog/content/images/2016/06/weekly_hours_required_to_afford_a_private_University_degree.png]
[www.parsehub.com/blog/content/images/2016/06/data_used.png]
[www.parsehub.com/blog/the-outrageous-cost-of-university-tuition-in-40-countries/index.html]
[www.parsehub.com/content/images/2016/07/pros_cons_parsehub_importio-1.html]
[www.parsehub.com/blog/content/images/2016/06/price_comparison_chart-1.png]
[www.parsehub.com/blog/content/images/2016/07/pros_cons_parsehub_importio.png]
[www.parsehub.com/blog/content/images/2016/06/UI_comparison_chart.png]
[www.parsehub.com/blog/content/images/2016/06/importio_example_kijiji.png]
[www.parsehub.com/blog/content/images/2016/06/parsehub_commands_menu.png]
[www.parsehub.com/blog/content/images/2016/06/1--list-of-brands.png]
[www.parsehub.com/blog/content/images/2016/06/3_importio_first_try.png]
[www.parsehub.com/blog/content/images/2016/06/importio_first_website_view.png]
[www.parsehub.com/blog/content/images/2016/06/5_fixing_importio_1.png]
[www.parsehub.com/blog/content/images/2016/06/6_first_csv.png]
[www.parsehub.com/blog/content/images/2016/06/7_importio_second_extractor_first_guess.png]
[www.parsehub.com/blog/content/images/2016/06/9_fixing_second_extractor.png]
[www.parsehub.com/blog/content/images/2016/06/11_main_template.png]
[www.parsehub.com/blog/content/images/2016/06/12_brand_template.png]
[www.parsehub.com/blog/content/images/2016/06/13_next_button.png]
[www.parsehub.com/blog/parsehub-vs-import-io-which-alternative-is-better-for-web-scraping/index.html]
[www.parsehub.com/blog/tag/excel/index.html]
[www.parsehub.com/blog/tag/pink-tax/index.html]
[www.parsehub.com/blog/tag/walmart/index.html]
[www.parsehub.com/blog/tag/well-ca/index.html]
[www.parsehub.com/blog/tag/loblaws/index.html]
[www.parsehub.com/blog/tag/personal-care-items/index.html]
[www.parsehub.com/blog/tag/ebay/index.html]
[www.parsehub.com/blog/tag/price-intelligence/index.html]
[www.parsehub.com/blog/tag/competitor-analysis-2/index.html]
[www.parsehub.com/blog/tag/product-pricing/index.html]
[www.parsehub.com/blog/content/images/2016/06/automate_google_analytics_part1.png]
[www.parsehub.com/blog/content/images/2016/06/automate_google_analytics_part2.png]
[www.parsehub.com/blog/content/images/2016/06/automate_google_analytics_part3.png]
[www.parsehub.com/blog/content/images/2016/06/automate_google_analytics_part4.png]
[www.parsehub.com/blog/content/images/2016/06/automate_google_analytics_part5.png]
[www.parsehub.com/blog/content/images/2016/06/automate_google_analytics_part6.png]
[www.parsehub.com/blog/content/images/2016/06/grow_blog_faster_part1.png]
[www.parsehub.com/blog/content/images/2016/06/grow_blog_faster_part2.png]
[www.parsehub.com/blog/content/images/2016/06/grow_blog_faster_part3.png]
[www.parsehub.com/blog/content/images/2016/06/grow_blog_faster_part5.png]
[www.parsehub.com/blog/content/images/2016/06/grow_blog_faster_part6.png]
[www.parsehub.com/blog/content/images/2016/06/grow_blog_faster_part4.png]
[www.parsehub.com/blog/content/images/2016/06/grow_blog_faster_part7.png]
[www.parsehub.com/blog/content/images/2016/06/grow_blog_faster_part8.png]
[www.parsehub.com/blog/content/images/2016/06/social_shares_data_scraped.png]
[www.parsehub.com/content/images/2016/06/webscraping_ecommerce_part3.png]
[www.parsehub.com/blog/grow-your-blog-10x-faster-with-the-right-metrics/index.html]
[www.parsehub.com/blog/tag/parsehub-tutorial/index.html]
[www.parsehub.com/blog/tag/google-analytics/index.html]
[www.parsehub.com/blog/content/images/2016/07/growthhackers_data_part1.png]
[www.parsehub.com/blog/content/images/2016/07/growthhackers_data_part2.png]
[www.parsehub.com/blog/content/images/2016/07/growthhackers_data_part5.png]
[www.parsehub.com/blog/content/images/2016/07/growthhackers_data_part6.png]
[www.parsehub.com/blog/content/images/2016/07/growthhackers_data_part8.png]
[www.parsehub.com/blog/content/images/2016/07/growthhackers_data_part10.png]
[www.parsehub.com/blog/content/images/2016/06/growthhackers_data_part12.png]
[www.parsehub.com/blog/content/images/2016/06/growthhacker_data_part14.png]
[www.parsehub.com/blog/content/images/2016/06/growthhackers_data_part14.png]
[www.parsehub.com/blog/content/images/2016/06/growthhackers_data_part18.png]
[www.parsehub.com/blog/content/images/2016/06/growthhackers_data_part15.png]
[www.parsehub.com/blog/content/images/2016/06/growthhackers_data_part16.png]
[www.parsehub.com/blog/content/images/2016/06/growthhackers_data_part17.png]
[www.parsehub.com/blog/content/images/2016/06/growthhackers_data_part19.png]
[www.parsehub.com/blog/content/images/2016/06/growthhackers_data_part20.png]
[www.parsehub.com/blog/content/images/2016/06/growthhackers_data_part21.png]
[www.parsehub.com/blog/content/images/2016/06/growthhackers_data_part22.png]
[www.parsehub.com/blog/content/images/2016/06/growthhackers_data_part23.png]
[www.parsehub.com/blog/content/images/2016/06/growthhackers_data_part24.png]
[www.parsehub.com/blog/content/images/2016/06/growthhackers_data_part25.png]
[www.parsehub.com/blog/boost-your-content-marketing-with-web-scraping-and-pivot-tables/index.html]
[www.parsehub.com/blog/author/angelina/page/2/index.html]
[www.parsehub.com/blog/author/angelina/page/3/index.html]
[www.parsehub.com/blog/tag/open-data/index.html]
[www.parsehub.com/blog/tag/education-statistics/index.html]
[www.parsehub.com/content/images/2016/06/growthhackers_data_part25.html]
[www.parsehub.com/blog/content/images/2016/06/get_data_from_yellowpages_one.png]
[www.parsehub.com/blog/content/images/2016/06/extract_telephone_numbers_from_yellowpages.png]
[www.parsehub.com/blog/content/images/2016/06/scrape_addresses_from_yellowpages.png]
[www.parsehub.com/blog/content/images/2016/06/scrape_business_from_yellowpages.png]
[www.parsehub.com/blog/content/images/2016/06/scrape_emails_from_yellowpages.png]
[www.parsehub.com/blog/content/images/2016/06/clean_up_text_from_parsehub.png]
[www.parsehub.com/blog/content/images/2016/06/scrape_multiple_businesses_from_yellowpages.png]
[www.parsehub.com/blog/content/images/2016/06/excel_results_for_yellowpages.png]
[www.parsehub.com/blog/find-business-leads-and-contact-info-from-yellowpages/index.html]
[www.parsehub.com/blog/tag/scraping-alternatives/index.html]
[www.parsehub.com/content/images/2016/06/parsehub_download.html]
[www.parsehub.com/content/images/2016/06/kimono_download.html]
[www.parsehub.com/content/images/2016/06/parsehub_compared_to_kimono_one.html]
[www.parsehub.com/content/images/2016/06/parsehub_compared_to_kimono_two.html]
[www.parsehub.com/blog/page/4/index.html]
[www.parsehub.com/blog/page/5/index.html]
[www.parsehub.com/blog/tag/import-io-alternative/index.html]
[www.parsehub.com/blog/tag/import-io-comparison/index.html]
[www.parsehub.com/blog/tag/parsehub-review/index.html]
[www.parsehub.com/blog/tag/import-io-review/index.html]
[www.parsehub.com/blog/tag/parsehub-features/index.html]
[www.parsehub.com/blog/content/images/2018/05/MapofTorontoRestaurantsbyCategory.html]
[www.parsehub.com/blog/content/images/2018/05/YongeStreet.html]
[www.parsehub.com/blog/content/images/2018/05/IndianAndItalian.html]
[www.parsehub.com/blog/content/images/2018/05/PortugueseAndTibetan.html]
[www.parsehub.com/blog/content/images/2018/05/GreekChineseKorean.html]
[www.parsehub.com/blog/content/images/2018/05/LittleJamaica.html]
[www.parsehub.com/blog/content/images/2018/05/EthiopianSpanishLatinAmerican.html]
[www.parsehub.com/blog/content/images/2018/05/SandwichesSaladsSoupCafes.html]
[www.parsehub.com/blog/content/images/2018/05/WaffleMile.html]
[www.parsehub.com/blog/content/images/2018/05/Vegandale.html]
[www.parsehub.com/blog/content/images/2018/05/Screen-Shot-2018-04-30-at-11-07-29-AM.html]
[www.parsehub.com/blog/content/images/2018/05/Screen-Shot-2018-04-30-at-11-08-57-AM-1.html]
[www.parsehub.com/blog/portia-vs-parsehub-comparison-which-alternative-is-the-best-option-for-web-scraping/asos.com/index.html]
[www.parsehub.com/content/images/2016/07/abraji_increase_in_lawsuits.html]
[www.parsehub.com/blog/author/quentin-simms/page/2/index.html]
[www.parsehub.com/content/images/2016/08/tiago_foto.html]
[upload.wikimedia.org/wikipedia/commons/e/e8/2012-08-03_Osheaga_Festival_Parc_Jean-Drapeau_Montreal.jpg]
[www.parsehub.com/blog/content/images/2016/07/wayhome_schedule.png]
[www.parsehub.com/blog/content/images/2016/07/wayhome_parsehub_projects.png]
[www.parsehub.com/content/images/2016/07/starbucks_locations.html]
[www.parsehub.com/blog/tag/how-to-guides/page/3/index.html]
[www.parsehub.com/blog/content/images/2016/06/webscraping_ecommerce_part3.png]
[www.parsehub.com/blog/content/images/2016/07/Friday_Schedule.png]
[www.parsehub.com/blog/content/images/2016/06/webscraping_ecommerce_part1.png]
[www.parsehub.com/blog/content/images/2016/06/webscraping_ecommerce_part2.png]
[www.parsehub.com/blog/content/images/2016/07/scrape_products_from_ecommerce_partone.png]
[www.parsehub.com/blog/content/images/2016/07/scrape_products_from_ecommerce_partthree.png]
[www.parsehub.com/blog/nousdecor-uses-parsehub-to-find-beautiful-interior-decor/index.html]
[www.parsehub.com/blog/tag/case-study/index.html]
[www.parsehub.com/content/images/2016/06/Picture1-1.html]
[www.parsehub.com/blog/tag/web-scraping/page/3/index.html]
[www.parsehub.com/blog/tag/web-scraping/page/4/index.html]
[www.parsehub.com/content/images/2016/06/webscraping_ecommerce_part3.html]
[www.parsehub.com/blog/author/angelina/page/3/index.html]
[www.parsehub.com/blog/author/angelina/page/4/index.html]
[www.parsehub.com/blog/page/5/index.html]
[www.parsehub.com/blog/page/6/index.html]
[www.parsehub.com/blog/tag/web-scraping/page/4/index.html]
[blog/content/images/2016/06/browse_mode_parsehub.png]
[www.parsehub.com/blog/author/angelina/page/4/index.html]
[www.parsehub.com/blog/page/6/index.html]
[www.ybrikman.com/assets/img/blog/github-pages/shopping-cart-grill.jpg]
[www.parsehub.com/blog/content/images/2016/07/scrape_products_from_ecommerce_partthree.png]
[www.parsehub.com/blog/content/images/2016/07/scrape_products_from_ecommerce_partone.png]
[www.parsehub.com/blog/tag/web-scraping/page/5/index.html]
[www.parsehub.com/blog/page/7/index.html]
[www.parsehub.com/blog/tag/web-scraping/page/5/index.html]
[www.parsehub.com/blog/page/7/index.html]
[www.parsehub.com/blog/page/8/index.html]
[www.parsehub.com/blog/page/8/index.html]
